Microchip MPLAB XC8 Compiler V1.45 ()

Linker command line:

-W-3 --edf=/opt/microchip/xc8/v1.45/dat/en_msgs.txt -cs \
  -h+dist/default/debug/firmware.X.debug.sym \
  --cmf=dist/default/debug/firmware.X.debug.cmf -z -Q16F716 \
  -o/tmp/xcXlEUjh6 -Mdist/default/debug/firmware.X.debug.map -E1 -ver=XC8 \
  -ASTACK=029h-064h -pstack=STACK -ACODE=00h-06FFh -ASTRCODE=00h-06FFh \
  -ASTRING=00h-0FFhx7 -ACONST=00h-0FFhx7 -AENTRY=00h-0FFhx7 \
  -ACOMMON=071h-07Fh -ABANK0=020h-064h -ABANK1=0A0h-0BFh \
  -ARAM=020h-064h,0A0h-0BFh -AABS1=020h-07Fh,0A0h-0BFh -ASFR0=00h-01Fh \
  -ASFR1=080h-09Fh -preset_vec=00h,intentry=04h,init,end_init \
  -ppowerup=CODE -pcinit=CODE -pfunctab=ENTRY -ACONFIG=02007h-02007h \
  -pconfig=CONFIG -DCONFIG=2 -AIDLOC=02000h-02003h -pidloc=IDLOC -DIDLOC=2 \
  -DCODE=2 -DSTRCODE=2 -DSTRING=2 -DCONST=2 -DENTRY=2 -k /tmp/xcXsBEQ3h.obj \
  dist/default/debug/firmware.X.debug.obj 

Object code version is 3.11

Machine type is 16F716



                Name                               Link     Load   Length Selector   Space Scale
/tmp/xcXsBEQ3h.obj
                end_init                              F        F        1        8       0
                reset_vec                             0        0        2        0       0
dist/default/debug/firmware.X.debug.obj
                cinit                                10       10        D        8       0
                intentry                              4        4        B        8       0
                text7                               1A9      1A9       1D        8       0
                text6                               156      156       32        8       0
                text5                               124      124       32        8       0
                swtext2                             1D7      1D7        8      3AE       0
                text4                                E8       E8       3C        8       0
                swtext1                             1DF      1DF        5      3AE       0
                text3                                1D       1D       CB        8       0
                text2                               188      188       21        8       0
                text1                               1C6      1C6       11        8       0
                maintext                            1E4      1E4        2      3C8       0
                cstackCOMMON                         71       71        C       71       1
                dataBANK0                            28       28        1       20       1
                bssBANK0                             20       20        8       20       1
                bssCOMMON                            7D       7D        1       71       1
                idataBANK0                          1E6      1E6        1      3C8       0

TOTAL           Name                               Link     Load   Length     Space
        CLASS   STACK          

        CLASS   CODE           
                end_init                              F        F        1         0
                cinit                                10       10        D         0
                intentry                              4        4        B         0
                reset_vec                             0        0        2         0
                text7                               1A9      1A9       1D         0
                text6                               156      156       32         0
                text5                               124      124       32         0
                text4                                E8       E8       3C         0
                text3                                1D       1D       CB         0
                text2                               188      188       21         0
                text1                               1C6      1C6       11         0
                maintext                            1E4      1E4        2         0
                idataBANK0                          1E6      1E6        1         0

        CLASS   STRCODE        

        CLASS   STRING         

        CLASS   CONST          
                swtext2                             1D7      1D7        8         0
                swtext1                             1DF      1DF        5         0

        CLASS   ENTRY          

        CLASS   COMMON         
                cstackCOMMON                         71       71        C         1
                bssCOMMON                            7D       7D        1         1

        CLASS   BANK0          
                dataBANK0                            28       28        1         1
                bssBANK0                             20       20        8         1

        CLASS   BANK1          

        CLASS   RAM            

        CLASS   ABS1           
                abs_s1                               7E       7E        2         1

        CLASS   SFR0           

        CLASS   SFR1           

        CLASS   CONFIG         

        CLASS   IDLOC          

        CLASS   EEDATA         



SEGMENTS        Name                           Load    Length   Top    Selector   Space  Class     Delta

                reset_vec                      000000  000002  000002         0       0  CODE        2
                intentry                       000004  0001D3  0001D7         8       0  CODE        2
                bssBANK0                       000020  000009  000029        20       1  BANK0       1
                cstackCOMMON                   000071  00000D  00007E        71       1  COMMON      1
                swtext2                        0001D7  00000D  0001E4       3AE       0  CONST       2
                maintext                       0001E4  000003  0001E7       3C8       0  CODE        2


UNUSED ADDRESS RANGES

        Name                Unused          Largest block    Delta
        BANK0            029-064            3C           1
        BANK1            0A0-0BF            20           1
        CODE             002-003             2           2
                         1E7-6FF           519
        CONFIG           2007-2007             1           2
        CONST            002-003             2           2
                         1E7-6FF           100
        ENTRY            002-003             2           2
                         1E7-6FF           100
        IDLOC            2000-2003             4           2
        RAM              029-064            3C           1
                         0A0-0BF            20
        SFR0             000-01F            20           1
        SFR1             080-09F            20           1
        STACK            029-064            3C           1
        STRCODE          002-003             2           2
                         1E7-6FF           519
        STRING           002-003             2           2
                         1E7-6FF           100

                                  Symbol Table

_INTCONbits                            (abs)        00B
_PIE1bits                              (abs)        08C
_PIR1bits                              (abs)        00C
_PORTA                                 (abs)        005
_PORTB                                 (abs)        006
_PORTBbits                             (abs)        006
_T1CONbits                             (abs)        010
_TMR1H                                 (abs)        00F
_TMR1L                                 (abs)        00E
_TRISA                                 (abs)        085
_TRISA0                                (abs)        428
_TRISA2                                (abs)        42A
_TRISA3                                (abs)        42B
_TRISB                                 (abs)        086
_TRISB3                                (abs)        433
_TRISBbits                             (abs)        086
__Habs1                                abs1         000
__Hbank0                               bank0        000
__Hbank1                               bank1        000
__HbssBANK0                            bssBANK0     000
__HbssCOMMON                           bssCOMMON    000
__Hcinit                               cinit        01D
__Hclrtext                             clrtext      000
__Hcode                                code         000
__Hcommon                              common       000
__Hconfig                              config       000
__HcstackBANK0                         cstackBANK0  000
__HcstackCOMMON                        cstackCOMMON 000
__HdataBANK0                           dataBANK0    000
__Heeprom_data                         eeprom_data  000
__Hend_init                            end_init     010
__Hfunctab                             functab      000
__HidataBANK0                          idataBANK0   000
__Hidloc                               idloc        000
__Hinit                                init         00F
__Hintentry                            intentry     00F
__Hmaintext                            maintext     000
__Hpowerup                             powerup      000
__Hram                                 ram          000
__Hreset_vec                           reset_vec    002
__Hsfr0                                sfr0         000
__Hsfr1                                sfr1         000
__Hspace_0                             (abs)        1E7
__Hspace_1                             (abs)        07E
__Hspace_2                             (abs)        000
__Hspace_3                             (abs)        000
__Hstack                               stack        000
__Hstrings                             strings      000
__Htext                                text         000
__Labs1                                abs1         000
__Lbank0                               bank0        000
__Lbank1                               bank1        000
__LbssBANK0                            bssBANK0     000
__LbssCOMMON                           bssCOMMON    000
__Lcinit                               cinit        010
__Lclrtext                             clrtext      000
__Lcode                                code         000
__Lcommon                              common       000
__Lconfig                              config       000
__LcstackBANK0                         cstackBANK0  000
__LcstackCOMMON                        cstackCOMMON 000
__LdataBANK0                           dataBANK0    000
__Leeprom_data                         eeprom_data  000
__Lend_init                            end_init     00F
__Lfunctab                             functab      000
__LidataBANK0                          idataBANK0   000
__Lidloc                               idloc        000
__Linit                                init         00F
__Lintentry                            intentry     004
__Lmaintext                            maintext     000
__Lpowerup                             powerup      000
__Lram                                 ram          000
__Lreset_vec                           reset_vec    000
__Lsfr0                                sfr0         000
__Lsfr1                                sfr1         000
__Lspace_0                             (abs)        000
__Lspace_1                             (abs)        000
__Lspace_2                             (abs)        000
__Lspace_3                             (abs)        000
__Lstack                               stack        000
__Lstrings                             strings      000
__Ltext                                text         000
__S0                                   (abs)        1E7
__S1                                   (abs)        07E
__S2                                   (abs)        000
___int_sp                              stack        000
___latbits                             (abs)        000
___sp                                  stack        000
__end_of__initialization               cinit        01B
__end_of_all_off                       text7        1C6
__end_of_isr                           text2        1A9
__end_of_leda_on                       text6        188
__end_of_ledb_on                       text5        156
__end_of_main                          maintext     1E6
__end_of_setup_ir_decoder              text1        1D7
__end_of_timer0_interrupt              text4        124
__end_of_timer1_interrupt_decoder      text3        0E8
__initialization                       cinit        010
__pbssBANK0                            bssBANK0     020
__pbssCOMMON                           bssCOMMON    07D
__pcstackBANK0                         cstackBANK0  000
__pcstackCOMMON                        cstackCOMMON 071
__pdataBANK0                           dataBANK0    028
__pidataBANK0                          idataBANK0   1E6
__pintentry                            intentry     004
__pmaintext                            maintext     1E4
__pswtext1                             swtext1      1DF
__pswtext2                             swtext2      1D7
__ptext1                               text1        1C6
__ptext2                               text2        188
__ptext3                               text3        01D
__ptext4                               text4        0E8
__ptext5                               text5        124
__ptext6                               text6        156
__ptext7                               text7        1A9
__size_of_all_off                      (abs)        000
__size_of_isr                          (abs)        000
__size_of_leda_on                      (abs)        000
__size_of_ledb_on                      (abs)        000
__size_of_main                         (abs)        000
__size_of_setup_ir_decoder             (abs)        000
__size_of_timer0_interrupt             (abs)        000
__size_of_timer1_interrupt_decoder     (abs)        000
_all_off                               text7        1A9
_ir_data                               bssBANK0     020
_ir_data_valid                         bssBANK0     027
_isr                                   text2        188
_leda_on                               text6        156
_ledb_on                               text5        124
_main                                  maintext     1E4
_move_leds                             dataBANK0    028
_setup_ir_decoder                      text1        1C6
_timer0_interrupt                      text4        0E8
_timer1_interrupt_decoder              text3        01D
btemp                                  (abs)        07E
end_of_initialization                  cinit        01B
interrupt_function                     intentry     004
intlevel0                              functab      000
intlevel1                              functab      000
intlevel2                              functab      000
intlevel3                              functab      000
intlevel4                              functab      000
intlevel5                              functab      000
leda_on@dir                            cstackCOMMON 071
leda_on@pos                            cstackCOMMON 074
ledb_on@dir                            cstackCOMMON 071
ledb_on@pos                            cstackCOMMON 074
reset_vec                              reset_vec    000
saved_w                                (abs)        07E
stackhi                                (abs)        000
stacklo                                (abs)        000
start                                  init         00F
start_initialization                   cinit        010
timer0_interrupt@pos                   bssBANK0     024
timer1_interrupt_decoder@bit_count     bssBANK0     025
timer1_interrupt_decoder@decoder_state bssBANK0     026
timer1_interrupt_decoder@state_timer   bssCOMMON    07D
wtemp0                                 (abs)        07E


FUNCTION INFORMATION:

 *************** function _main *****************
 Defined at:
		line 28 in file "main.c"
 Parameters:    Size  Location     Type
		None
 Auto vars:     Size  Location     Type
		None
 Return value:  Size  Location     Type
                  1    wreg      void 
 Registers used:
		wreg, status,2, status,0, pclath, cstack
 Tracked objects:
		On entry : 
		On exit  : 
		Unchanged: 
 Data sizes:     COMMON   BANK0   BANK1
      Params:         0       0       0
      Locals:         0       0       0
      Temps:          0       0       0
      Totals:         0       0       0
Total ram usage:        0 bytes
 Hardware stack levels required when called:    4
 This function calls:
		_setup_ir_decoder
 This function is called by:
		Startup code after reset
 This function uses a non-reentrant model


 *************** function _setup_ir_decoder *****************
 Defined at:
		line 139 in file "ir_decoder.c"
 Parameters:    Size  Location     Type
		None
 Auto vars:     Size  Location     Type
		None
 Return value:  Size  Location     Type
                  1    wreg      void 
 Registers used:
		wreg
 Tracked objects:
		On entry : 
		On exit  : 
		Unchanged: 
 Data sizes:     COMMON   BANK0   BANK1
      Params:         0       0       0
      Locals:         0       0       0
      Temps:          0       0       0
      Totals:         0       0       0
Total ram usage:        0 bytes
 Hardware stack levels used:    1
 Hardware stack levels required when called:    3
 This function calls:
		Nothing
 This function is called by:
		_main
 This function uses a non-reentrant model


 *************** function _isr *****************
 Defined at:
		line 15 in file "main.c"
 Parameters:    Size  Location     Type
		None
 Auto vars:     Size  Location     Type
		None
 Return value:  Size  Location     Type
                  1    wreg      void 
 Registers used:
		wreg, fsr0l, fsr0h, status,2, status,0, pclath, cstack
 Tracked objects:
		On entry : 
		On exit  : 
		Unchanged: 
 Data sizes:     COMMON   BANK0   BANK1
      Params:         0       0       0
      Locals:         0       0       0
      Temps:          5       0       0
      Totals:         5       0       0
Total ram usage:        5 bytes
 Hardware stack levels used:    1
 Hardware stack levels required when called:    2
 This function calls:
		_timer0_interrupt
		_timer1_interrupt_decoder
 This function is called by:
		Interrupt level 1
 This function uses a non-reentrant model


 *************** function _timer1_interrupt_decoder *****************
 Defined at:
		line 48 in file "ir_decoder.c"
 Parameters:    Size  Location     Type
		None
 Auto vars:     Size  Location     Type
		None
 Return value:  Size  Location     Type
                  1    wreg      void 
 Registers used:
		wreg, fsr0l, fsr0h, status,2, status,0
 Tracked objects:
		On entry : 
		On exit  : 
		Unchanged: 
 Data sizes:     COMMON   BANK0   BANK1
      Params:         0       0       0
      Locals:         0       0       0
      Temps:          7       0       0
      Totals:         7       0       0
Total ram usage:        7 bytes
 Hardware stack levels used:    1
 This function calls:
		Nothing
 This function is called by:
		_isr
 This function uses a non-reentrant model


 *************** function _timer0_interrupt *****************
 Defined at:
		line 46 in file "leds.c"
 Parameters:    Size  Location     Type
		None
 Auto vars:     Size  Location     Type
		None
 Return value:  Size  Location     Type
                  1    wreg      void 
 Registers used:
		wreg, fsr0l, fsr0h, status,2, status,0, pclath, cstack
 Tracked objects:
		On entry : 
		On exit  : 
		Unchanged: 
 Data sizes:     COMMON   BANK0   BANK1
      Params:         0       0       0
      Locals:         0       0       0
      Temps:          1       0       0
      Totals:         1       0       0
Total ram usage:        1 bytes
 Hardware stack levels used:    1
 Hardware stack levels required when called:    1
 This function calls:
		_all_off
		_leda_on
		_ledb_on
 This function is called by:
		_isr
 This function uses a non-reentrant model


 *************** function _ledb_on *****************
 Defined at:
		line 29 in file "leds.c"
 Parameters:    Size  Location     Type
  pos             1    wreg     unsigned char 
  dir             1    0[COMMON] unsigned char 
 Auto vars:     Size  Location     Type
  pos             1    3[COMMON] unsigned char 
 Return value:  Size  Location     Type
                  1    wreg      void 
 Registers used:
		wreg, status,2, status,0
 Tracked objects:
		On entry : 
		On exit  : 
		Unchanged: 
 Data sizes:     COMMON   BANK0   BANK1
      Params:         1       0       0
      Locals:         1       0       0
      Temps:          2       0       0
      Totals:         4       0       0
Total ram usage:        4 bytes
 Hardware stack levels used:    1
 This function calls:
		Nothing
 This function is called by:
		_timer0_interrupt
 This function uses a non-reentrant model


 *************** function _leda_on *****************
 Defined at:
		line 18 in file "leds.c"
 Parameters:    Size  Location     Type
  pos             1    wreg     unsigned char 
  dir             1    0[COMMON] unsigned char 
 Auto vars:     Size  Location     Type
  pos             1    3[COMMON] unsigned char 
 Return value:  Size  Location     Type
                  1    wreg      void 
 Registers used:
		wreg, status,2, status,0
 Tracked objects:
		On entry : 
		On exit  : 
		Unchanged: 
 Data sizes:     COMMON   BANK0   BANK1
      Params:         1       0       0
      Locals:         1       0       0
      Temps:          2       0       0
      Totals:         4       0       0
Total ram usage:        4 bytes
 Hardware stack levels used:    1
 This function calls:
		Nothing
 This function is called by:
		_timer0_interrupt
 This function uses a non-reentrant model


 *************** function _all_off *****************
 Defined at:
		line 10 in file "leds.c"
 Parameters:    Size  Location     Type
		None
 Auto vars:     Size  Location     Type
		None
 Return value:  Size  Location     Type
                  1    wreg      void 
 Registers used:
		wreg, status,2, status,0
 Tracked objects:
		On entry : 
		On exit  : 
		Unchanged: 
 Data sizes:     COMMON   BANK0   BANK1
      Params:         0       0       0
      Locals:         0       0       0
      Temps:          2       0       0
      Totals:         2       0       0
Total ram usage:        2 bytes
 Hardware stack levels used:    1
 This function calls:
		Nothing
 This function is called by:
		_timer0_interrupt
 This function uses a non-reentrant model



MODULE INFORMATION

Module		Function		Class		Link	Load	Size
shared
		__initialization		CODE           	0010	0000	12

shared estimated size: 12

leds.c
		_leda_on       		CODE           	0156	0000	51
		_ledb_on       		CODE           	0124	0000	51
		_all_off       		CODE           	01A9	0000	30
		_timer0_interrupt		CODE           	00E8	0000	61

leds.c estimated size: 193

ir_decoder.c
		_timer1_interrupt_decoder		CODE           	001D	0000	204
		_setup_ir_decoder		CODE           	01C6	0000	18

ir_decoder.c estimated size: 222

main.c
		_main          		CODE           	01E4	0000	3
		_isr           		CODE           	0188	0000	34

main.c estimated size: 37

