Microchip MPLAB XC8 Compiler V1.45 ()

Linker command line:

-W-3 --edf=/opt/microchip/xc8/v1.45/dat/en_msgs.txt -cs \
  -h+dist/default/production/firmware.X.production.sym \
  --cmf=dist/default/production/firmware.X.production.cmf -z -Q16F716 \
  -o/tmp/xcXwNsm9R -Mdist/default/production/firmware.X.production.map -E1 \
  -ver=XC8 -ASTACK=028h-06fh -pstack=STACK -ACODE=00h-07FFh \
  -ASTRCODE=00h-07FFh -ASTRING=00h-0FFhx8 -ACONST=00h-0FFhx8 \
  -AENTRY=00h-0FFhx8 -ACOMMON=070h-07Fh -ABANK0=020h-06Fh -ABANK1=0A0h-0BFh \
  -ARAM=020h-06Fh,0A0h-0BFh -AABS1=020h-07Fh,0A0h-0BFh -ASFR0=00h-01Fh \
  -ASFR1=080h-09Fh -preset_vec=00h,intentry=04h,init,end_init \
  -ppowerup=CODE -pcinit=CODE -pfunctab=ENTRY -ACONFIG=02007h-02007h \
  -pconfig=CONFIG -DCONFIG=2 -AIDLOC=02000h-02003h -pidloc=IDLOC -DIDLOC=2 \
  -DCODE=2 -DSTRCODE=2 -DSTRING=2 -DCONST=2 -DENTRY=2 -k /tmp/xcXyaTX0i.obj \
  dist/default/production/firmware.X.production.obj 

Object code version is 3.11

Machine type is 16F716



                Name                               Link     Load   Length Selector   Space Scale
/tmp/xcXyaTX0i.obj
                end_init                              F        F        1        8       0
                reset_vec                             0        0        1        0       0
                config                             2007     2007        1     400E       0
dist/default/production/firmware.X.production.obj
                cinit                                10       10        D        8       0
                intentry                              4        4        B        8       0
                text7                               1AD      1AD       1D        8       0
                text6                               15D      15D       32        8       0
                text5                               12B      12B       32        8       0
                swtext2                             1D3      1D3        8      3A6       0
                text4                                EE       EE       3D        8       0
                swtext1                             1DB      1DB        5      3A6       0
                text3                                1D       1D       D1        8       0
                text2                               18F      18F       1E        8       0
                text1                               1CA      1CA        9        8       0
                maintext                            1E0      1E0        2      3C0       0
                cstackCOMMON                         70       70        C       70       1
                dataBANK0                            27       27        1       20       1
                bssBANK0                             20       20        7       20       1
                bssCOMMON                            7C       7C        2       70       1
                idataBANK0                          1E2      1E2        1      3C0       0

TOTAL           Name                               Link     Load   Length     Space
        CLASS   STACK          

        CLASS   CODE           
                end_init                              F        F        1         0
                cinit                                10       10        D         0
                intentry                              4        4        B         0
                reset_vec                             0        0        1         0
                text7                               1AD      1AD       1D         0
                text6                               15D      15D       32         0
                text5                               12B      12B       32         0
                text4                                EE       EE       3D         0
                text3                                1D       1D       D1         0
                text2                               18F      18F       1E         0
                text1                               1CA      1CA        9         0
                maintext                            1E0      1E0        2         0
                idataBANK0                          1E2      1E2        1         0

        CLASS   STRCODE        

        CLASS   STRING         

        CLASS   CONST          
                swtext2                             1D3      1D3        8         0
                swtext1                             1DB      1DB        5         0

        CLASS   ENTRY          

        CLASS   COMMON         
                cstackCOMMON                         70       70        C         1
                bssCOMMON                            7C       7C        2         1

        CLASS   BANK0          
                dataBANK0                            27       27        1         1
                bssBANK0                             20       20        7         1

        CLASS   BANK1          

        CLASS   RAM            

        CLASS   ABS1           
                abs_s1                               7E       7E        2         1

        CLASS   SFR0           

        CLASS   SFR1           

        CLASS   CONFIG         
                config                             2007     2007        1         0

        CLASS   IDLOC          

        CLASS   EEDATA         



SEGMENTS        Name                           Load    Length   Top    Selector   Space  Class     Delta

                reset_vec                      000000  000001  000001         0       0  CODE        2
                intentry                       000004  0001CF  0001D3         8       0  CODE        2
                bssBANK0                       000020  000008  000028        20       1  BANK0       1
                cstackCOMMON                   000070  00000E  00007E        70       1  COMMON      1
                swtext2                        0001D3  00000D  0001E0       3A6       0  CONST       2
                maintext                       0001E0  000003  0001E3       3C0       0  CODE        2
                config                         002007  000001  002008      400E       0  CONFIG      2


UNUSED ADDRESS RANGES

        Name                Unused          Largest block    Delta
        BANK0            0028-006F             48           1
        BANK1            00A0-00BF             20           1
        CODE             0001-0003              3           2
                         01E3-07FF            61D
        CONST            0001-0003              3           2
                         01E3-07FF            100
        ENTRY            0001-0003              3           2
                         01E3-07FF            100
        IDLOC            2000-2003              4           2
        RAM              0028-006F             48           1
                         00A0-00BF             20
        SFR0             0000-001F             20           1
        SFR1             0080-009F             20           1
        STACK            0028-006F             48           1
        STRCODE          0001-0003              3           2
                         01E3-07FF            61D
        STRING           0001-0003              3           2
                         01E3-07FF            100

                                  Symbol Table

_INTCONbits                            (abs)        000B
_ISR                                   text2        018F
_OPTION_REGbits                        (abs)        0081
_PIE1bits                              (abs)        008C
_PIR1bits                              (abs)        000C
_PORTA                                 (abs)        0005
_PORTB                                 (abs)        0006
_PORTBbits                             (abs)        0006
_T1CONbits                             (abs)        0010
_TMR1H                                 (abs)        000F
_TMR1L                                 (abs)        000E
_TRISA                                 (abs)        0085
_TRISA0                                (abs)        0428
_TRISA2                                (abs)        042A
_TRISA3                                (abs)        042B
_TRISB                                 (abs)        0086
_TRISB3                                (abs)        0433
_TRISBbits                             (abs)        0086
__CFG_BODENV$40                        (abs)        0000
__CFG_BOREN$OFF                        (abs)        0000
__CFG_CP$OFF                           (abs)        0000
__CFG_FOSC$XT                          (abs)        0000
__CFG_PWRTE$OFF                        (abs)        0000
__CFG_WDTE$OFF                         (abs)        0000
__Habs1                                abs1         0000
__Hbank0                               bank0        0000
__Hbank1                               bank1        0000
__HbssBANK0                            bssBANK0     0000
__HbssCOMMON                           bssCOMMON    0000
__Hcinit                               cinit        001D
__Hclrtext                             clrtext      0000
__Hcode                                code         0000
__Hcommon                              common       0000
__Hconfig                              config       2008
__HcstackBANK0                         cstackBANK0  0000
__HcstackCOMMON                        cstackCOMMON 0000
__HdataBANK0                           dataBANK0    0000
__Heeprom_data                         eeprom_data  0000
__Hend_init                            end_init     0010
__Hfunctab                             functab      0000
__HidataBANK0                          idataBANK0   0000
__Hidloc                               idloc        0000
__Hinit                                init         000F
__Hintentry                            intentry     000F
__Hmaintext                            maintext     0000
__Hpowerup                             powerup      0000
__Hram                                 ram          0000
__Hreset_vec                           reset_vec    0001
__Hsfr0                                sfr0         0000
__Hsfr1                                sfr1         0000
__Hspace_0                             (abs)        2008
__Hspace_1                             (abs)        007E
__Hspace_2                             (abs)        0000
__Hspace_3                             (abs)        0000
__Hstack                               stack        0000
__Hstrings                             strings      0000
__Htext                                text         0000
__Labs1                                abs1         0000
__Lbank0                               bank0        0000
__Lbank1                               bank1        0000
__LbssBANK0                            bssBANK0     0000
__LbssCOMMON                           bssCOMMON    0000
__Lcinit                               cinit        0010
__Lclrtext                             clrtext      0000
__Lcode                                code         0000
__Lcommon                              common       0000
__Lconfig                              config       2007
__LcstackBANK0                         cstackBANK0  0000
__LcstackCOMMON                        cstackCOMMON 0000
__LdataBANK0                           dataBANK0    0000
__Leeprom_data                         eeprom_data  0000
__Lend_init                            end_init     000F
__Lfunctab                             functab      0000
__LidataBANK0                          idataBANK0   0000
__Lidloc                               idloc        0000
__Linit                                init         000F
__Lintentry                            intentry     0004
__Lmaintext                            maintext     0000
__Lpowerup                             powerup      0000
__Lram                                 ram          0000
__Lreset_vec                           reset_vec    0000
__Lsfr0                                sfr0         0000
__Lsfr1                                sfr1         0000
__Lspace_0                             (abs)        0000
__Lspace_1                             (abs)        0000
__Lspace_2                             (abs)        0000
__Lspace_3                             (abs)        0000
__Lstack                               stack        0000
__Lstrings                             strings      0000
__Ltext                                text         0000
__S0                                   (abs)        2008
__S1                                   (abs)        007E
__S2                                   (abs)        0000
___int_sp                              stack        0000
___latbits                             (abs)        0000
___sp                                  stack        0000
__end_of_ISR                           text2        01AD
__end_of__initialization               cinit        001B
__end_of_all_off                       text7        01CA
__end_of_leda_on                       text6        018F
__end_of_ledb_on                       text5        015D
__end_of_main                          maintext     01E2
__end_of_timer0_interrupt              text4        012B
__end_of_timer0_setup                  text1        01D3
__end_of_timer1_interrupt_decoder      text3        00EE
__initialization                       cinit        0010
__pbssBANK0                            bssBANK0     0020
__pbssCOMMON                           bssCOMMON    007C
__pcstackBANK0                         cstackBANK0  0000
__pcstackCOMMON                        cstackCOMMON 0070
__pdataBANK0                           dataBANK0    0027
__pidataBANK0                          idataBANK0   01E2
__pintentry                            intentry     0004
__pmaintext                            maintext     01E0
__pswtext1                             swtext1      01DB
__pswtext2                             swtext2      01D3
__ptext1                               text1        01CA
__ptext2                               text2        018F
__ptext3                               text3        001D
__ptext4                               text4        00EE
__ptext5                               text5        012B
__ptext6                               text6        015D
__ptext7                               text7        01AD
__size_of_ISR                          (abs)        0000
__size_of_all_off                      (abs)        0000
__size_of_leda_on                      (abs)        0000
__size_of_ledb_on                      (abs)        0000
__size_of_main                         (abs)        0000
__size_of_timer0_interrupt             (abs)        0000
__size_of_timer0_setup                 (abs)        0000
__size_of_timer1_interrupt_decoder     (abs)        0000
_all_off                               text7        01AD
_ir_data                               bssBANK0     0020
_ir_data_valid                         bssBANK0     0026
_leda_on                               text6        015D
_ledb_on                               text5        012B
_main                                  maintext     01E0
_move_leds                             dataBANK0    0027
_timer0_interrupt                      text4        00EE
_timer0_setup                          text1        01CA
_timer1_interrupt_decoder              text3        001D
btemp                                  (abs)        007E
end_of_initialization                  cinit        001B
interrupt_function                     intentry     0004
intlevel0                              functab      0000
intlevel1                              functab      0000
intlevel2                              functab      0000
intlevel3                              functab      0000
intlevel4                              functab      0000
intlevel5                              functab      0000
leda_on@dir                            cstackCOMMON 0070
leda_on@pos                            cstackCOMMON 0073
ledb_on@dir                            cstackCOMMON 0070
ledb_on@pos                            cstackCOMMON 0073
reset_vec                              reset_vec    0000
saved_w                                (abs)        007E
stackhi                                (abs)        0000
stacklo                                (abs)        0000
start                                  init         000F
start_initialization                   cinit        0010
timer0_interrupt@pos                   bssBANK0     0024
timer1_interrupt_decoder@bit_count     bssCOMMON    007D
timer1_interrupt_decoder@decoder_state bssBANK0     0025
timer1_interrupt_decoder@state_timer   bssCOMMON    007C
wtemp0                                 (abs)        007E


FUNCTION INFORMATION:

 *************** function _main *****************
 Defined at:
		line 36 in file "main.c"
 Parameters:    Size  Location     Type
		None
 Auto vars:     Size  Location     Type
		None
 Return value:  Size  Location     Type
                  1    wreg      void 
 Registers used:
		wreg, status,2, status,0, pclath, cstack
 Tracked objects:
		On entry : 
		On exit  : 
		Unchanged: 
 Data sizes:     COMMON   BANK0   BANK1
      Params:         0       0       0
      Locals:         0       0       0
      Temps:          0       0       0
      Totals:         0       0       0
Total ram usage:        0 bytes
 Hardware stack levels required when called:    4
 This function calls:
		_timer0_setup
 This function is called by:
		Startup code after reset
 This function uses a non-reentrant model


 *************** function _timer0_setup *****************
 Defined at:
		line 80 in file "leds.c"
 Parameters:    Size  Location     Type
		None
 Auto vars:     Size  Location     Type
		None
 Return value:  Size  Location     Type
                  1    wreg      void 
 Registers used:
		wreg, status,2, status,0
 Tracked objects:
		On entry : 
		On exit  : 
		Unchanged: 
 Data sizes:     COMMON   BANK0   BANK1
      Params:         0       0       0
      Locals:         0       0       0
      Temps:          0       0       0
      Totals:         0       0       0
Total ram usage:        0 bytes
 Hardware stack levels used:    1
 Hardware stack levels required when called:    3
 This function calls:
		Nothing
 This function is called by:
		_main
 This function uses a non-reentrant model


 *************** function _ISR *****************
 Defined at:
		line 23 in file "main.c"
 Parameters:    Size  Location     Type
		None
 Auto vars:     Size  Location     Type
		None
 Return value:  Size  Location     Type
                  1    wreg      void 
 Registers used:
		wreg, fsr0l, fsr0h, status,2, status,0, pclath, cstack
 Tracked objects:
		On entry : 
		On exit  : 
		Unchanged: 
 Data sizes:     COMMON   BANK0   BANK1
      Params:         0       0       0
      Locals:         0       0       0
      Temps:          5       0       0
      Totals:         5       0       0
Total ram usage:        5 bytes
 Hardware stack levels used:    1
 Hardware stack levels required when called:    2
 This function calls:
		_timer0_interrupt
		_timer1_interrupt_decoder
 This function is called by:
		Interrupt level 1
 This function uses a non-reentrant model


 *************** function _timer1_interrupt_decoder *****************
 Defined at:
		line 48 in file "ir_decoder.c"
 Parameters:    Size  Location     Type
		None
 Auto vars:     Size  Location     Type
		None
 Return value:  Size  Location     Type
                  1    wreg      void 
 Registers used:
		wreg, fsr0l, fsr0h, status,2, status,0
 Tracked objects:
		On entry : 
		On exit  : 
		Unchanged: 
 Data sizes:     COMMON   BANK0   BANK1
      Params:         0       0       0
      Locals:         0       0       0
      Temps:          7       0       0
      Totals:         7       0       0
Total ram usage:        7 bytes
 Hardware stack levels used:    1
 This function calls:
		Nothing
 This function is called by:
		_ISR
 This function uses a non-reentrant model


 *************** function _timer0_interrupt *****************
 Defined at:
		line 46 in file "leds.c"
 Parameters:    Size  Location     Type
		None
 Auto vars:     Size  Location     Type
		None
 Return value:  Size  Location     Type
                  1    wreg      void 
 Registers used:
		wreg, fsr0l, fsr0h, status,2, status,0, pclath, cstack
 Tracked objects:
		On entry : 
		On exit  : 
		Unchanged: 
 Data sizes:     COMMON   BANK0   BANK1
      Params:         0       0       0
      Locals:         0       0       0
      Temps:          1       0       0
      Totals:         1       0       0
Total ram usage:        1 bytes
 Hardware stack levels used:    1
 Hardware stack levels required when called:    1
 This function calls:
		_all_off
		_leda_on
		_ledb_on
 This function is called by:
		_ISR
 This function uses a non-reentrant model


 *************** function _ledb_on *****************
 Defined at:
		line 29 in file "leds.c"
 Parameters:    Size  Location     Type
  pos             1    wreg     unsigned char 
  dir             1    0[COMMON] unsigned char 
 Auto vars:     Size  Location     Type
  pos             1    3[COMMON] unsigned char 
 Return value:  Size  Location     Type
                  1    wreg      void 
 Registers used:
		wreg, status,2, status,0
 Tracked objects:
		On entry : 
		On exit  : 
		Unchanged: 
 Data sizes:     COMMON   BANK0   BANK1
      Params:         1       0       0
      Locals:         1       0       0
      Temps:          2       0       0
      Totals:         4       0       0
Total ram usage:        4 bytes
 Hardware stack levels used:    1
 This function calls:
		Nothing
 This function is called by:
		_timer0_interrupt
 This function uses a non-reentrant model


 *************** function _leda_on *****************
 Defined at:
		line 18 in file "leds.c"
 Parameters:    Size  Location     Type
  pos             1    wreg     unsigned char 
  dir             1    0[COMMON] unsigned char 
 Auto vars:     Size  Location     Type
  pos             1    3[COMMON] unsigned char 
 Return value:  Size  Location     Type
                  1    wreg      void 
 Registers used:
		wreg, status,2, status,0
 Tracked objects:
		On entry : 
		On exit  : 
		Unchanged: 
 Data sizes:     COMMON   BANK0   BANK1
      Params:         1       0       0
      Locals:         1       0       0
      Temps:          2       0       0
      Totals:         4       0       0
Total ram usage:        4 bytes
 Hardware stack levels used:    1
 This function calls:
		Nothing
 This function is called by:
		_timer0_interrupt
 This function uses a non-reentrant model


 *************** function _all_off *****************
 Defined at:
		line 10 in file "leds.c"
 Parameters:    Size  Location     Type
		None
 Auto vars:     Size  Location     Type
		None
 Return value:  Size  Location     Type
                  1    wreg      void 
 Registers used:
		wreg, status,2, status,0
 Tracked objects:
		On entry : 
		On exit  : 
		Unchanged: 
 Data sizes:     COMMON   BANK0   BANK1
      Params:         0       0       0
      Locals:         0       0       0
      Temps:          2       0       0
      Totals:         2       0       0
Total ram usage:        2 bytes
 Hardware stack levels used:    1
 This function calls:
		Nothing
 This function is called by:
		_timer0_interrupt
 This function uses a non-reentrant model



MODULE INFORMATION

Module		Function		Class		Link	Load	Size
shared
		__initialization		CODE           	0010	0000	12

shared estimated size: 12

leds.c
		_leda_on       		CODE           	015D	0000	51
		_ledb_on       		CODE           	012B	0000	51
		_timer0_setup  		CODE           	01CA	0000	10
		_all_off       		CODE           	01AD	0000	30
		_timer0_interrupt		CODE           	00EE	0000	62

leds.c estimated size: 204

ir_decoder.c
		_timer1_interrupt_decoder		CODE           	001D	0000	210

ir_decoder.c estimated size: 210

main.c
		_ISR           		CODE           	018F	0000	31
		_main          		CODE           	01E0	0000	3

main.c estimated size: 34

